// Vitest Snapshot v1

exports[`Library > has exports 1`] = `
[
  "Account",
  "ActivateBreakpoints",
  "Add",
  "Archive",
  "ArrowBoth",
  "ArrowCircleDown",
  "ArrowCircleLeft",
  "ArrowCircleRight",
  "ArrowCircleUp",
  "ArrowDown",
  "ArrowLeft",
  "ArrowRight",
  "ArrowSmallDown",
  "ArrowSmallLeft",
  "ArrowSmallRight",
  "ArrowSmallUp",
  "ArrowSwap",
  "ArrowUp",
  "AzureDevops",
  "Azure",
  "BeakerStop",
  "Beaker",
  "BellDot",
  "BellSlashDot",
  "BellSlash",
  "Bell",
  "Blank",
  "Bold",
  "Book",
  "Bookmark",
  "BracketDot",
  "BracketError",
  "Briefcase",
  "Broadcast",
  "Browser",
  "Bug",
  "Calendar",
  "CallIncoming",
  "CallOutgoing",
  "CaseSensitive",
  "CheckAll",
  "Check",
  "Checklist",
  "ChevronDown",
  "ChevronLeft",
  "ChevronRight",
  "ChevronUp",
  "ChromeClose",
  "ChromeMaximize",
  "ChromeMinimize",
  "ChromeRestore",
  "CircleFilled",
  "CircleLargeFilled",
  "CircleLargeOutline",
  "CircleOutline",
  "CircleSlash",
  "CircleSmallFilled",
  "CircleSmall",
  "CircuitBoard",
  "ClearAll",
  "Clippy",
  "CloseAll",
  "Close",
  "CloudDownload",
  "CloudUpload",
  "Cloud",
  "Code",
  "CollapseAll",
  "ColorMode",
  "Combine",
  "CommentDiscussion",
  "CommentUnresolved",
  "Comment",
  "CompassActive",
  "CompassDot",
  "Compass",
  "Copy",
  "CreditCard",
  "Dash",
  "Dashboard",
  "Database",
  "DebugAll",
  "DebugAltSmall",
  "DebugAlt",
  "DebugBreakpointConditionalUnverified",
  "DebugBreakpointConditional",
  "DebugBreakpointDataUnverified",
  "DebugBreakpointData",
  "DebugBreakpointFunctionUnverified",
  "DebugBreakpointFunction",
  "DebugBreakpointLogUnverified",
  "DebugBreakpointLog",
  "DebugBreakpointUnsupported",
  "DebugConsole",
  "DebugContinueSmall",
  "DebugContinue",
  "DebugCoverage",
  "DebugDisconnect",
  "DebugLineByLine",
  "DebugPause",
  "DebugRerun",
  "DebugRestartFrame",
  "DebugRestart",
  "DebugReverseContinue",
  "DebugStackframeActive",
  "DebugStackframe",
  "DebugStart",
  "DebugStepBack",
  "DebugStepInto",
  "DebugStepOut",
  "DebugStepOver",
  "DebugStop",
  "Debug",
  "DesktopDownload",
  "DeviceCameraVideo",
  "DeviceCamera",
  "DeviceMobile",
  "DiffAdded",
  "DiffIgnored",
  "DiffModified",
  "DiffRemoved",
  "DiffRenamed",
  "Diff",
  "Discard",
  "Edit",
  "EditorLayout",
  "Ellipsis",
  "EmptyWindow",
  "ErrorSmall",
  "Error",
  "Exclude",
  "ExpandAll",
  "Export",
  "Extensions",
  "EyeClosed",
  "Eye",
  "Feedback",
  "FileBinary",
  "FileCode",
  "FileMedia",
  "FilePdf",
  "FileSubmodule",
  "FileSymlinkDirectory",
  "FileSymlinkFile",
  "FileZip",
  "File",
  "Files",
  "FilterFilled",
  "Filter",
  "Flame",
  "FoldDown",
  "FoldUp",
  "Fold",
  "FolderActive",
  "FolderLibrary",
  "FolderOpened",
  "Folder",
  "Gear",
  "Gift",
  "GistSecret",
  "Gist",
  "GitCommit",
  "GitCompare",
  "GitMerge",
  "GitPullRequestClosed",
  "GitPullRequestCreate",
  "GitPullRequestDraft",
  "GitPullRequestGoToChanges",
  "GitPullRequestNewChanges",
  "GitPullRequest",
  "GithubAction",
  "GithubAlt",
  "GithubInverted",
  "Github",
  "Globe",
  "GoToFile",
  "Grabber",
  "GraphLeft",
  "GraphLine",
  "GraphScatter",
  "Graph",
  "Gripper",
  "GroupByRefType",
  "HeartFilled",
  "Heart",
  "History",
  "Home",
  "HorizontalRule",
  "Hubot",
  "Inbox",
  "Indent",
  "Info",
  "Inspect",
  "IssueDraft",
  "IssueReopened",
  "Issues",
  "Italic",
  "Jersey",
  "Json",
  "KebabVertical",
  "Key",
  "Law",
  "LayersActive",
  "LayersDot",
  "Layers",
  "LayoutActivitybarLeft",
  "LayoutActivitybarRight",
  "LayoutCentered",
  "LayoutMenubar",
  "LayoutPanelCenter",
  "LayoutPanelJustify",
  "LayoutPanelLeft",
  "LayoutPanelOff",
  "LayoutPanelRight",
  "LayoutPanel",
  "LayoutSidebarLeftOff",
  "LayoutSidebarLeft",
  "LayoutSidebarRightOff",
  "LayoutSidebarRight",
  "LayoutStatusbar",
  "Layout",
  "Library",
  "LightbulbAutofix",
  "Lightbulb",
  "LinkExternal",
  "Link",
  "ListFilter",
  "ListFlat",
  "ListOrdered",
  "ListSelection",
  "ListTree",
  "ListUnordered",
  "LiveShare",
  "Loading",
  "Location",
  "LockSmall",
  "Lock",
  "Magnet",
  "MailRead",
  "Mail",
  "MapFilled",
  "Map",
  "Markdown",
  "Megaphone",
  "Mention",
  "Menu",
  "Merge",
  "Milestone",
  "Mirror",
  "MortarBoard",
  "Move",
  "MultipleWindows",
  "Mute",
  "NewFile",
  "NewFolder",
  "Newline",
  "NoNewline",
  "Note",
  "NotebookTemplate",
  "Notebook",
  "Octoface",
  "OpenPreview",
  "Organization",
  "Output",
  "Package",
  "Paintcan",
  "PassFilled",
  "Pass",
  "PersonAdd",
  "Person",
  "PieChart",
  "Pin",
  "PinnedDirty",
  "Pinned",
  "PlayCircle",
  "Play",
  "Plug",
  "PreserveCase",
  "Preview",
  "PrimitiveSquare",
  "Project",
  "Pulse",
  "Question",
  "Quote",
  "RadioTower",
  "Reactions",
  "RecordKeys",
  "RecordSmall",
  "Record",
  "Redo",
  "References",
  "Refresh",
  "Regex",
  "RemoteExplorer",
  "Remote",
  "Remove",
  "ReplaceAll",
  "Replace",
  "Reply",
  "RepoClone",
  "RepoForcePush",
  "RepoForked",
  "RepoPull",
  "RepoPush",
  "Repo",
  "Report",
  "RequestChanges",
  "Rocket",
  "RootFolderOpened",
  "RootFolder",
  "Rss",
  "Ruby",
  "RunAbove",
  "RunAll",
  "RunBelow",
  "RunErrors",
  "SaveAll",
  "SaveAs",
  "Save",
  "ScreenFull",
  "ScreenNormal",
  "SearchStop",
  "Search",
  "ServerEnvironment",
  "ServerProcess",
  "Server",
  "SettingsGear",
  "Settings",
  "Shield",
  "SignIn",
  "SignOut",
  "Smiley",
  "SortPrecedence",
  "SourceControl",
  "SplitHorizontal",
  "SplitVertical",
  "Squirrel",
  "StarEmpty",
  "StarFull",
  "StarHalf",
  "StopCircle",
  "SymbolArray",
  "SymbolBoolean",
  "SymbolClass",
  "SymbolColor",
  "SymbolConstant",
  "SymbolEnumMember",
  "SymbolEnum",
  "SymbolEvent",
  "SymbolField",
  "SymbolFile",
  "SymbolInterface",
  "SymbolKey",
  "SymbolKeyword",
  "SymbolMethod",
  "SymbolMisc",
  "SymbolNamespace",
  "SymbolNumeric",
  "SymbolOperator",
  "SymbolParameter",
  "SymbolProperty",
  "SymbolRuler",
  "SymbolSnippet",
  "SymbolString",
  "SymbolStructure",
  "SymbolVariable",
  "SyncIgnored",
  "Sync",
  "Table",
  "Tag",
  "Target",
  "Tasklist",
  "Telescope",
  "TerminalBash",
  "TerminalCmd",
  "TerminalDebian",
  "TerminalLinux",
  "TerminalPowershell",
  "TerminalTmux",
  "TerminalUbuntu",
  "Terminal",
  "TextSize",
  "ThreeBars",
  "Thumbsdown",
  "Thumbsup",
  "Tools",
  "Trash",
  "TriangleDown",
  "TriangleLeft",
  "TriangleRight",
  "TriangleUp",
  "Twitter",
  "TypeHierarchySub",
  "TypeHierarchySuper",
  "TypeHierarchy",
  "Unfold",
  "UngroupByRefType",
  "Unlock",
  "Unmute",
  "Unverified",
  "VariableGroup",
  "VerifiedFilled",
  "Verified",
  "Versions",
  "VmActive",
  "VmConnect",
  "VmOutline",
  "VmRunning",
  "Vm",
  "Wand",
  "Warning",
  "Watch",
  "Whitespace",
  "WholeWord",
  "Window",
  "WordWrap",
  "WorkspaceTrusted",
  "WorkspaceUnknown",
  "WorkspaceUntrusted",
  "ZoomIn",
  "ZoomOut",
]
`;

exports[`Library > has exports 2`] = `
[
  "Account",
  "ActivateBreakpoints",
  "Add",
  "Archive",
  "ArrowBoth",
  "ArrowCircleDown",
  "ArrowCircleLeft",
  "ArrowCircleRight",
  "ArrowCircleUp",
  "ArrowDown",
  "ArrowLeft",
  "ArrowRight",
  "ArrowSmallDown",
  "ArrowSmallLeft",
  "ArrowSmallRight",
  "ArrowSmallUp",
  "ArrowSwap",
  "ArrowUp",
  "AzureDevops",
  "Azure",
  "BeakerStop",
  "Beaker",
  "BellDot",
  "BellSlashDot",
  "BellSlash",
  "Bell",
  "Blank",
  "Bold",
  "Book",
  "Bookmark",
  "BracketDot",
  "BracketError",
  "Briefcase",
  "Broadcast",
  "Browser",
  "Bug",
  "Calendar",
  "CallIncoming",
  "CallOutgoing",
  "CaseSensitive",
  "CheckAll",
  "Check",
  "Checklist",
  "ChevronDown",
  "ChevronLeft",
  "ChevronRight",
  "ChevronUp",
  "ChromeClose",
  "ChromeMaximize",
  "ChromeMinimize",
  "ChromeRestore",
  "CircleFilled",
  "CircleLargeFilled",
  "CircleLargeOutline",
  "CircleOutline",
  "CircleSlash",
  "CircleSmallFilled",
  "CircleSmall",
  "CircuitBoard",
  "ClearAll",
  "Clippy",
  "CloseAll",
  "Close",
  "CloudDownload",
  "CloudUpload",
  "Cloud",
  "Code",
  "CollapseAll",
  "ColorMode",
  "Combine",
  "CommentDiscussion",
  "CommentUnresolved",
  "Comment",
  "CompassActive",
  "CompassDot",
  "Compass",
  "Copy",
  "CreditCard",
  "Dash",
  "Dashboard",
  "Database",
  "DebugAll",
  "DebugAltSmall",
  "DebugAlt",
  "DebugBreakpointConditionalUnverified",
  "DebugBreakpointConditional",
  "DebugBreakpointDataUnverified",
  "DebugBreakpointData",
  "DebugBreakpointFunctionUnverified",
  "DebugBreakpointFunction",
  "DebugBreakpointLogUnverified",
  "DebugBreakpointLog",
  "DebugBreakpointUnsupported",
  "DebugConsole",
  "DebugContinueSmall",
  "DebugContinue",
  "DebugCoverage",
  "DebugDisconnect",
  "DebugLineByLine",
  "DebugPause",
  "DebugRerun",
  "DebugRestartFrame",
  "DebugRestart",
  "DebugReverseContinue",
  "DebugStackframeActive",
  "DebugStackframe",
  "DebugStart",
  "DebugStepBack",
  "DebugStepInto",
  "DebugStepOut",
  "DebugStepOver",
  "DebugStop",
  "Debug",
  "DesktopDownload",
  "DeviceCameraVideo",
  "DeviceCamera",
  "DeviceMobile",
  "DiffAdded",
  "DiffIgnored",
  "DiffModified",
  "DiffRemoved",
  "DiffRenamed",
  "Diff",
  "Discard",
  "Edit",
  "EditorLayout",
  "Ellipsis",
  "EmptyWindow",
  "ErrorSmall",
  "Error",
  "Exclude",
  "ExpandAll",
  "Export",
  "Extensions",
  "EyeClosed",
  "Eye",
  "Feedback",
  "FileBinary",
  "FileCode",
  "FileMedia",
  "FilePdf",
  "FileSubmodule",
  "FileSymlinkDirectory",
  "FileSymlinkFile",
  "FileZip",
  "File",
  "Files",
  "FilterFilled",
  "Filter",
  "Flame",
  "FoldDown",
  "FoldUp",
  "Fold",
  "FolderActive",
  "FolderLibrary",
  "FolderOpened",
  "Folder",
  "Gear",
  "Gift",
  "GistSecret",
  "Gist",
  "GitCommit",
  "GitCompare",
  "GitMerge",
  "GitPullRequestClosed",
  "GitPullRequestCreate",
  "GitPullRequestDraft",
  "GitPullRequestGoToChanges",
  "GitPullRequestNewChanges",
  "GitPullRequest",
  "GithubAction",
  "GithubAlt",
  "GithubInverted",
  "Github",
  "Globe",
  "GoToFile",
  "Grabber",
  "GraphLeft",
  "GraphLine",
  "GraphScatter",
  "Graph",
  "Gripper",
  "GroupByRefType",
  "HeartFilled",
  "Heart",
  "History",
  "Home",
  "HorizontalRule",
  "Hubot",
  "Inbox",
  "Indent",
  "Info",
  "Inspect",
  "IssueDraft",
  "IssueReopened",
  "Issues",
  "Italic",
  "Jersey",
  "Json",
  "KebabVertical",
  "Key",
  "Law",
  "LayersActive",
  "LayersDot",
  "Layers",
  "LayoutActivitybarLeft",
  "LayoutActivitybarRight",
  "LayoutCentered",
  "LayoutMenubar",
  "LayoutPanelCenter",
  "LayoutPanelJustify",
  "LayoutPanelLeft",
  "LayoutPanelOff",
  "LayoutPanelRight",
  "LayoutPanel",
  "LayoutSidebarLeftOff",
  "LayoutSidebarLeft",
  "LayoutSidebarRightOff",
  "LayoutSidebarRight",
  "LayoutStatusbar",
  "Layout",
  "Library",
  "LightbulbAutofix",
  "Lightbulb",
  "LinkExternal",
  "Link",
  "ListFilter",
  "ListFlat",
  "ListOrdered",
  "ListSelection",
  "ListTree",
  "ListUnordered",
  "LiveShare",
  "Loading",
  "Location",
  "LockSmall",
  "Lock",
  "Magnet",
  "MailRead",
  "Mail",
  "MapFilled",
  "Map",
  "Markdown",
  "Megaphone",
  "Mention",
  "Menu",
  "Merge",
  "Milestone",
  "Mirror",
  "MortarBoard",
  "Move",
  "MultipleWindows",
  "Mute",
  "NewFile",
  "NewFolder",
  "Newline",
  "NoNewline",
  "Note",
  "NotebookTemplate",
  "Notebook",
  "Octoface",
  "OpenPreview",
  "Organization",
  "Output",
  "Package",
  "Paintcan",
  "PassFilled",
  "Pass",
  "PersonAdd",
  "Person",
  "PieChart",
  "Pin",
  "PinnedDirty",
  "Pinned",
  "PlayCircle",
  "Play",
  "Plug",
  "PreserveCase",
  "Preview",
  "PrimitiveSquare",
  "Project",
  "Pulse",
  "Question",
  "Quote",
  "RadioTower",
  "Reactions",
  "RecordKeys",
  "RecordSmall",
  "Record",
  "Redo",
  "References",
  "Refresh",
  "Regex",
  "RemoteExplorer",
  "Remote",
  "Remove",
  "ReplaceAll",
  "Replace",
  "Reply",
  "RepoClone",
  "RepoForcePush",
  "RepoForked",
  "RepoPull",
  "RepoPush",
  "Repo",
  "Report",
  "RequestChanges",
  "Rocket",
  "RootFolderOpened",
  "RootFolder",
  "Rss",
  "Ruby",
  "RunAbove",
  "RunAll",
  "RunBelow",
  "RunErrors",
  "SaveAll",
  "SaveAs",
  "Save",
  "ScreenFull",
  "ScreenNormal",
  "SearchStop",
  "Search",
  "ServerEnvironment",
  "ServerProcess",
  "Server",
  "SettingsGear",
  "Settings",
  "Shield",
  "SignIn",
  "SignOut",
  "Smiley",
  "SortPrecedence",
  "SourceControl",
  "SplitHorizontal",
  "SplitVertical",
  "Squirrel",
  "StarEmpty",
  "StarFull",
  "StarHalf",
  "StopCircle",
  "SymbolArray",
  "SymbolBoolean",
  "SymbolClass",
  "SymbolColor",
  "SymbolConstant",
  "SymbolEnumMember",
  "SymbolEnum",
  "SymbolEvent",
  "SymbolField",
  "SymbolFile",
  "SymbolInterface",
  "SymbolKey",
  "SymbolKeyword",
  "SymbolMethod",
  "SymbolMisc",
  "SymbolNamespace",
  "SymbolNumeric",
  "SymbolOperator",
  "SymbolParameter",
  "SymbolProperty",
  "SymbolRuler",
  "SymbolSnippet",
  "SymbolString",
  "SymbolStructure",
  "SymbolVariable",
  "SyncIgnored",
  "Sync",
  "Table",
  "Tag",
  "Target",
  "Tasklist",
  "Telescope",
  "TerminalBash",
  "TerminalCmd",
  "TerminalDebian",
  "TerminalLinux",
  "TerminalPowershell",
  "TerminalTmux",
  "TerminalUbuntu",
  "Terminal",
  "TextSize",
  "ThreeBars",
  "Thumbsdown",
  "Thumbsup",
  "Tools",
  "Trash",
  "TriangleDown",
  "TriangleLeft",
  "TriangleRight",
  "TriangleUp",
  "Twitter",
  "TypeHierarchySub",
  "TypeHierarchySuper",
  "TypeHierarchy",
  "Unfold",
  "UngroupByRefType",
  "Unlock",
  "Unmute",
  "Unverified",
  "VariableGroup",
  "VerifiedFilled",
  "Verified",
  "Versions",
  "VmActive",
  "VmConnect",
  "VmOutline",
  "VmRunning",
  "Vm",
  "Wand",
  "Warning",
  "Watch",
  "Whitespace",
  "WholeWord",
  "Window",
  "WordWrap",
  "WorkspaceTrusted",
  "WorkspaceUnknown",
  "WorkspaceUntrusted",
  "ZoomIn",
  "ZoomOut",
]
`;
